[Input]
SelectedInput=KeyboardMouse2
HighProfileToggle=0
[KeyboardMouse2]
VendorID=1
ProductID=1
Button1=57
Button2=256
Button3=18
Button4=42
PadUp=3
PadRight=4
PadDown=5
PadLeft=2
Select=15
Start=1
ShoulderLeft1=33
ShoulderLeft2=16
ShoulderRight1=257
ShoulderRight2=-1
StickLeft=-1
StickRight=46
LeftStickUp=17
LeftStickDown=31
LeftStickLeft=30
LeftStickRight=32
RightStickUp=200
RightStickDown=208
RightStickLeft=203
RightStickRight=205
[KeyboardMouse5]
VendorID=2
ProductID=2
Button1=259
Button2=256
Button3=18
Button4=260
PadUp=3
PadRight=4
PadDown=5
PadLeft=2
Select=15
Start=1
ShoulderLeft1=33
ShoulderLeft2=16
ShoulderRight1=257
ShoulderRight2=7
StickLeft=10
StickRight=46
LeftStickUp=17
LeftStickDown=31
LeftStickLeft=30
LeftStickRight=32
RightStickUp=200
RightStickDown=208
RightStickLeft=203
RightStickRight=205
[Keyboard]
VendorID=3
ProductID=3
Button1=76
Button2=72
Button3=73
Button4=77
PadUp=82
PadRight=81
PadDown=80
PadLeft=79
Select=15
Start=1
ShoulderLeft1=33
ShoulderLeft2=16
ShoulderRight1=78
ShoulderRight2=7
StickLeft=10
StickRight=75
LeftStickUp=17
LeftStickDown=31
LeftStickLeft=30
LeftStickRight=32
RightStickUp=200
RightStickDown=208
RightStickLeft=203
RightStickRight=205
[KeyboardAlt]
VendorID=4
ProductID=4
Button1=57
Button2=157
Button3=16
Button4=54
PadUp=4
PadRight=3
PadDown=2
PadLeft=5
Select=15
Start=1
ShoulderLeft1=33
ShoulderLeft2=18
ShoulderRight1=42
ShoulderRight2=7
StickLeft=10
StickRight=82
LeftStickUp=17
LeftStickDown=31
LeftStickLeft=30
LeftStickRight=32
RightStickUp=200
RightStickDown=208
RightStickLeft=203
RightStickRight=205
